// Jest Snapshot v1, https://goo.gl/fbAQLP

exports[`loading page is rendered correctly 1`] = `
<div
  className="loader"
>
  <img
    className="loader__image"
    src="/loader.gif"
  />
</div>
`;
